
ubuntu@sandbox-node2:~$ sudo kubectl get pvc -n awx
NAME                            STATUS    VOLUME                                     CAPACITY   ACCESS MODES   STORAGECLASS   VOLUMEATTRIBUTESCLASS   AGE
awx-projects-claim              Pending                                                                        local-path     <unset>                 2d2h
postgres-15-awx-postgres-15-0   Bound     pvc-4d925fab-2fb3-4e3f-b199-196f4374881d   8Gi        RWO            local-path     <unset>                 2d2h

ubuntu@sandbox-node2:~$ sudo kubectl get storageclass
NAME                   PROVISIONER             RECLAIMPOLICY   VOLUMEBINDINGMODE      ALLOWVOLUMEEXPANSION   AGE
local-path (default)   rancher.io/local-path   Delete          WaitForFirstConsumer   false                  2d19h
ubuntu@sandbox-node2:~$

ubuntu@sandbox-node2:~$ sudo kubectl patch storageclass local-path -p '{"volumeBindingMode":"Immediate"}'
The StorageClass "local-path" is invalid: volumeBindingMode: Invalid value: "Immediate": field is immutable
ubuntu@sandbox-node2:~$ kubectl get storageclass local-path -o yaml | grep volumeBindingMode
WARN[0000] Unable to read /etc/rancher/k3s/k3s.yaml, please start server with --write-kubeconfig-mode or --write-kubeconfig-group to modify kube config permissions
error: error loading config file "/etc/rancher/k3s/k3s.yaml": open /etc/rancher/k3s/k3s.yaml: permission denied
ubuntu@sandbox-node2:~$ sudo kubectl get storageclass local-path -o yaml | grep volumeBindingMode
volumeBindingMode: WaitForFirstConsumer
ubuntu@sandbox-node2:~$
